// Jest Snapshot v1, https://goo.gl/fbAQLP

exports[`PokemonPage Component Debe hacer match con el snapshot cuando cargan los pokemons 1`] = `
<div>
  <h1>¿Quién es este Pokemón?</h1>
  <pokemon-picture-stub pokemonid="1" showpokemon="false"></pokemon-picture-stub><!-- <PokemonOptions :pokemons="pokemonArr" @selection="checkAnswer($event)"/> En el $event vienen los parámetros, si sólo es un parámetro sobra -->
  <pokemon-options-stub pokemons="[object Object],[object Object],[object Object],[object Object]"></pokemon-options-stub>
  <!--v-if-->
</div>
`;
