// Jest Snapshot v1, https://goo.gl/fbAQLP

exports[`PokemonOptions Component Debe hacer match con el snapshot 1`] = `
<div class="options-container">
  <ul>
    <li>
      <!--(nombre evento,...par치metros)--> bulbasaur
    </li>
    <li>
      <!--(nombre evento,...par치metros)--> ivysaur
    </li>
    <li>
      <!--(nombre evento,...par치metros)--> venusaur
    </li>
    <li>
      <!--(nombre evento,...par치metros)--> charmander
    </li>
  </ul>
</div>
`;
